bundle exec jekyll s --trace
Configuration file: /Users/luaguedescosta/Desktop/lguedesc.github.io/_config.yml
            Source: /Users/luaguedescosta/Desktop/lguedesc.github.io
       Destination: /Users/luaguedescosta/Desktop/lguedesc.github.io/_site
 Incremental build: disabled. Enable with --incremental
      Generating... 
DEPRECATION WARNING: to_time will always preserve the timezone offset of the receiver in Rails 8.0. To opt in to the new behavior, set `ActiveSupport.to_time_preserves_timezone = true`. (called from load at /Users/luaguedescosta/.gem/ruby/3.1.3/bin/jekyll:25)
Fetching external posts from medium.com:
...fetching https://medium.com/@al-folio/displaying-external-posts-on-your-al-folio-blog-b60a1d241a0a?source=rss-17feae71c3c4------2
Fetching external posts from Google Blog:
...fetching https://blog.google/technology/ai/google-gemini-update-flash-ai-assistant-io-2024/
Terser: Minifying /Users/luaguedescosta/Desktop/lguedesc.github.io/assets/js/bibsearch.js
Terser: Minifying /Users/luaguedescosta/Desktop/lguedesc.github.io/assets/js/chartjs-setup.js
Terser: Minifying /Users/luaguedescosta/Desktop/lguedesc.github.io/assets/js/common.js
Terser: Minifying /Users/luaguedescosta/Desktop/lguedesc.github.io/assets/js/copy_code.js
Terser: Minifying /Users/luaguedescosta/Desktop/lguedesc.github.io/assets/js/cronitor-analytics-setup.js
Terser: Minifying /Users/luaguedescosta/Desktop/lguedesc.github.io/assets/js/diff2html-setup.js
Terser: Minifying /Users/luaguedescosta/Desktop/lguedesc.github.io/assets/js/distillpub/overrides.js
Terser: Minifying /Users/luaguedescosta/Desktop/lguedesc.github.io/assets/js/distillpub/template.v2.js
Terser: Minifying /Users/luaguedescosta/Desktop/lguedesc.github.io/assets/js/distillpub/transforms.v2.js
Terser: Minifying /Users/luaguedescosta/Desktop/lguedesc.github.io/assets/js/echarts-setup.js
Terser: Minifying /Users/luaguedescosta/Desktop/lguedesc.github.io/assets/js/google-analytics-setup.js
Terser: Minifying /Users/luaguedescosta/Desktop/lguedesc.github.io/assets/js/highlight-search-term.js
Terser: Minifying /Users/luaguedescosta/Desktop/lguedesc.github.io/assets/js/jupyter_new_tab.js
Terser: Minifying /Users/luaguedescosta/Desktop/lguedesc.github.io/assets/js/leaflet-setup.js
Terser: Minifying /Users/luaguedescosta/Desktop/lguedesc.github.io/assets/js/masonry.js
Terser: Minifying /Users/luaguedescosta/Desktop/lguedesc.github.io/assets/js/mathjax-setup.js
Terser: Minifying /Users/luaguedescosta/Desktop/lguedesc.github.io/assets/js/mermaid-setup.js
Terser: Minifying /Users/luaguedescosta/Desktop/lguedesc.github.io/assets/js/newsletter.js
Terser: Minifying /Users/luaguedescosta/Desktop/lguedesc.github.io/assets/js/no_defer.js
Terser: Minifying /Users/luaguedescosta/Desktop/lguedesc.github.io/assets/js/open-panel-analytics-setup.js
Terser: Minifying /Users/luaguedescosta/Desktop/lguedesc.github.io/assets/js/photoswipe-setup.js
Terser: Minifying /Users/luaguedescosta/Desktop/lguedesc.github.io/assets/js/progress-bar.js
Terser: Minifying /Users/luaguedescosta/Desktop/lguedesc.github.io/assets/js/pseudocode-setup.js
Terser: Minifying /Users/luaguedescosta/Desktop/lguedesc.github.io/assets/js/search-setup.js
Terser: Minifying /Users/luaguedescosta/Desktop/lguedesc.github.io/assets/js/shortcut-key.js
Terser: Minifying /Users/luaguedescosta/Desktop/lguedesc.github.io/assets/js/theme.js
Terser: Minifying /Users/luaguedescosta/Desktop/lguedesc.github.io/assets/js/tooltips-setup.js
Terser: Minifying /Users/luaguedescosta/Desktop/lguedesc.github.io/assets/js/typograms.js
Terser: Minifying /Users/luaguedescosta/Desktop/lguedesc.github.io/assets/js/vega-setup.js
Terser: Minifying /Users/luaguedescosta/Desktop/lguedesc.github.io/assets/js/venobox-setup.js
Terser: Minifying /Users/luaguedescosta/Desktop/lguedesc.github.io/assets/js/wechat.js
Terser: Minifying /Users/luaguedescosta/Desktop/lguedesc.github.io/assets/js/zoom.js
       Imagemagick: Searching files in /Users/luaguedescosta/Desktop/lguedesc.github.io/assets/img/
       Imagemagick: Adding static file /Users/luaguedescosta/Desktop/lguedesc.github.io/_site/assets/img/1-480.webp
       Imagemagick: Adding static file /Users/luaguedescosta/Desktop/lguedesc.github.io/_site/assets/img/1-800.webp
       Imagemagick: Adding static file /Users/luaguedescosta/Desktop/lguedesc.github.io/_site/assets/img/1-1400.webp
       Imagemagick: Adding static file /Users/luaguedescosta/Desktop/lguedesc.github.io/_site/assets/img/10-480.webp
       Imagemagick: Adding static file /Users/luaguedescosta/Desktop/lguedesc.github.io/_site/assets/img/10-800.webp
       Imagemagick: Adding static file /Users/luaguedescosta/Desktop/lguedesc.github.io/_site/assets/img/10-1400.webp
       Imagemagick: Adding static file /Users/luaguedescosta/Desktop/lguedesc.github.io/_site/assets/img/11-480.webp
       Imagemagick: Adding static file /Users/luaguedescosta/Desktop/lguedesc.github.io/_site/assets/img/11-800.webp
       Imagemagick: Adding static file /Users/luaguedescosta/Desktop/lguedesc.github.io/_site/assets/img/11-1400.webp
       Imagemagick: Adding static file /Users/luaguedescosta/Desktop/lguedesc.github.io/_site/assets/img/12-480.webp
       Imagemagick: Adding static file /Users/luaguedescosta/Desktop/lguedesc.github.io/_site/assets/img/12-800.webp
       Imagemagick: Adding static file /Users/luaguedescosta/Desktop/lguedesc.github.io/_site/assets/img/12-1400.webp
       Imagemagick: Adding static file /Users/luaguedescosta/Desktop/lguedesc.github.io/_site/assets/img/2-480.webp
       Imagemagick: Adding static file /Users/luaguedescosta/Desktop/lguedesc.github.io/_site/assets/img/2-800.webp
       Imagemagick: Adding static file /Users/luaguedescosta/Desktop/lguedesc.github.io/_site/assets/img/2-1400.webp
       Imagemagick: Adding static file /Users/luaguedescosta/Desktop/lguedesc.github.io/_site/assets/img/3-480.webp
       Imagemagick: Adding static file /Users/luaguedescosta/Desktop/lguedesc.github.io/_site/assets/img/3-800.webp
       Imagemagick: Adding static file /Users/luaguedescosta/Desktop/lguedesc.github.io/_site/assets/img/3-1400.webp
       Imagemagick: Adding static file /Users/luaguedescosta/Desktop/lguedesc.github.io/_site/assets/img/4-480.webp
       Imagemagick: Adding static file /Users/luaguedescosta/Desktop/lguedesc.github.io/_site/assets/img/4-800.webp
       Imagemagick: Adding static file /Users/luaguedescosta/Desktop/lguedesc.github.io/_site/assets/img/4-1400.webp
       Imagemagick: Adding static file /Users/luaguedescosta/Desktop/lguedesc.github.io/_site/assets/img/5-480.webp
       Imagemagick: Adding static file /Users/luaguedescosta/Desktop/lguedesc.github.io/_site/assets/img/5-800.webp
       Imagemagick: Adding static file /Users/luaguedescosta/Desktop/lguedesc.github.io/_site/assets/img/5-1400.webp
       Imagemagick: Adding static file /Users/luaguedescosta/Desktop/lguedesc.github.io/_site/assets/img/6-480.webp
       Imagemagick: Adding static file /Users/luaguedescosta/Desktop/lguedesc.github.io/_site/assets/img/6-800.webp
       Imagemagick: Adding static file /Users/luaguedescosta/Desktop/lguedesc.github.io/_site/assets/img/6-1400.webp
       Imagemagick: Adding static file /Users/luaguedescosta/Desktop/lguedesc.github.io/_site/assets/img/7-480.webp
       Imagemagick: Adding static file /Users/luaguedescosta/Desktop/lguedesc.github.io/_site/assets/img/7-800.webp
       Imagemagick: Adding static file /Users/luaguedescosta/Desktop/lguedesc.github.io/_site/assets/img/7-1400.webp
       Imagemagick: Adding static file /Users/luaguedescosta/Desktop/lguedesc.github.io/_site/assets/img/8-480.webp
       Imagemagick: Adding static file /Users/luaguedescosta/Desktop/lguedesc.github.io/_site/assets/img/8-800.webp
       Imagemagick: Adding static file /Users/luaguedescosta/Desktop/lguedesc.github.io/_site/assets/img/8-1400.webp
       Imagemagick: Adding static file /Users/luaguedescosta/Desktop/lguedesc.github.io/_site/assets/img/9-480.webp
       Imagemagick: Adding static file /Users/luaguedescosta/Desktop/lguedesc.github.io/_site/assets/img/9-800.webp
       Imagemagick: Adding static file /Users/luaguedescosta/Desktop/lguedesc.github.io/_site/assets/img/9-1400.webp
       Imagemagick: Adding static file /Users/luaguedescosta/Desktop/lguedesc.github.io/_site/assets/img/Perfil-480.webp
       Imagemagick: Adding static file /Users/luaguedescosta/Desktop/lguedesc.github.io/_site/assets/img/Perfil-800.webp
       Imagemagick: Adding static file /Users/luaguedescosta/Desktop/lguedesc.github.io/_site/assets/img/Perfil-1400.webp
       Imagemagick: Adding static file /Users/luaguedescosta/Desktop/lguedesc.github.io/_site/assets/img/for_news/diname_2023/pool-480.webp
       Imagemagick: Adding static file /Users/luaguedescosta/Desktop/lguedesc.github.io/_site/assets/img/for_news/diname_2023/pool-800.webp
       Imagemagick: Adding static file /Users/luaguedescosta/Desktop/lguedesc.github.io/_site/assets/img/for_news/diname_2023/pool-1400.webp
       Imagemagick: Adding static file /Users/luaguedescosta/Desktop/lguedesc.github.io/_site/assets/img/for_news/diname_2023/pousada-480.webp
       Imagemagick: Adding static file /Users/luaguedescosta/Desktop/lguedesc.github.io/_site/assets/img/for_news/diname_2023/pousada-800.webp
       Imagemagick: Adding static file /Users/luaguedescosta/Desktop/lguedesc.github.io/_site/assets/img/for_news/diname_2023/pousada-1400.webp
       Imagemagick: Adding static file /Users/luaguedescosta/Desktop/lguedesc.github.io/_site/assets/img/for_news/diname_2023/presenting-480.webp
       Imagemagick: Adding static file /Users/luaguedescosta/Desktop/lguedesc.github.io/_site/assets/img/for_news/diname_2023/presenting-800.webp
       Imagemagick: Adding static file /Users/luaguedescosta/Desktop/lguedesc.github.io/_site/assets/img/for_news/diname_2023/presenting-1400.webp
       Imagemagick: Adding static file /Users/luaguedescosta/Desktop/lguedesc.github.io/_site/assets/img/for_news/diname_2025/diname_2025_presentation-480.webp
       Imagemagick: Adding static file /Users/luaguedescosta/Desktop/lguedesc.github.io/_site/assets/img/for_news/diname_2025/diname_2025_presentation-800.webp
       Imagemagick: Adding static file /Users/luaguedescosta/Desktop/lguedesc.github.io/_site/assets/img/for_news/diname_2025/diname_2025_presentation-1400.webp
       Imagemagick: Adding static file /Users/luaguedescosta/Desktop/lguedesc.github.io/_site/assets/img/for_news/mecsol_2024/UFSC_1-480.webp
       Imagemagick: Adding static file /Users/luaguedescosta/Desktop/lguedesc.github.io/_site/assets/img/for_news/mecsol_2024/UFSC_1-800.webp
       Imagemagick: Adding static file /Users/luaguedescosta/Desktop/lguedesc.github.io/_site/assets/img/for_news/mecsol_2024/UFSC_1-1400.webp
       Imagemagick: Adding static file /Users/luaguedescosta/Desktop/lguedesc.github.io/_site/assets/img/for_news/mecsol_2024/UFSC_1_old-480.webp
       Imagemagick: Adding static file /Users/luaguedescosta/Desktop/lguedesc.github.io/_site/assets/img/for_news/mecsol_2024/UFSC_1_old-800.webp
       Imagemagick: Adding static file /Users/luaguedescosta/Desktop/lguedesc.github.io/_site/assets/img/for_news/mecsol_2024/UFSC_1_old-1400.webp
       Imagemagick: Adding static file /Users/luaguedescosta/Desktop/lguedesc.github.io/_site/assets/img/for_news/mecsol_2024/UFSC_2-480.webp
       Imagemagick: Adding static file /Users/luaguedescosta/Desktop/lguedesc.github.io/_site/assets/img/for_news/mecsol_2024/UFSC_2-800.webp
       Imagemagick: Adding static file /Users/luaguedescosta/Desktop/lguedesc.github.io/_site/assets/img/for_news/mecsol_2024/UFSC_2-1400.webp
       Imagemagick: Adding static file /Users/luaguedescosta/Desktop/lguedesc.github.io/_site/assets/img/for_news/mecsol_2024/mecsol_dinner-480.webp
       Imagemagick: Adding static file /Users/luaguedescosta/Desktop/lguedesc.github.io/_site/assets/img/for_news/mecsol_2024/mecsol_dinner-800.webp
       Imagemagick: Adding static file /Users/luaguedescosta/Desktop/lguedesc.github.io/_site/assets/img/for_news/mecsol_2024/mecsol_dinner-1400.webp
       Imagemagick: Adding static file /Users/luaguedescosta/Desktop/lguedesc.github.io/_site/assets/img/for_news/mecsol_2024/mecsol_presentation-480.webp
       Imagemagick: Adding static file /Users/luaguedescosta/Desktop/lguedesc.github.io/_site/assets/img/for_news/mecsol_2024/mecsol_presentation-800.webp
       Imagemagick: Adding static file /Users/luaguedescosta/Desktop/lguedesc.github.io/_site/assets/img/for_news/mecsol_2024/mecsol_presentation-1400.webp
       Imagemagick: Adding static file /Users/luaguedescosta/Desktop/lguedesc.github.io/_site/assets/img/for_news/phd_defense/audience-480.webp
       Imagemagick: Adding static file /Users/luaguedescosta/Desktop/lguedesc.github.io/_site/assets/img/for_news/phd_defense/audience-800.webp
       Imagemagick: Adding static file /Users/luaguedescosta/Desktop/lguedesc.github.io/_site/assets/img/for_news/phd_defense/audience-1400.webp
       Imagemagick: Adding static file /Users/luaguedescosta/Desktop/lguedesc.github.io/_site/assets/img/for_news/phd_defense/me_and_evaluators-480.webp
       Imagemagick: Adding static file /Users/luaguedescosta/Desktop/lguedesc.github.io/_site/assets/img/for_news/phd_defense/me_and_evaluators-800.webp
       Imagemagick: Adding static file /Users/luaguedescosta/Desktop/lguedesc.github.io/_site/assets/img/for_news/phd_defense/me_and_evaluators-1400.webp
       Imagemagick: Adding static file /Users/luaguedescosta/Desktop/lguedesc.github.io/_site/assets/img/for_news/phd_defense/me_and_marcelo-480.webp
       Imagemagick: Adding static file /Users/luaguedescosta/Desktop/lguedesc.github.io/_site/assets/img/for_news/phd_defense/me_and_marcelo-800.webp
       Imagemagick: Adding static file /Users/luaguedescosta/Desktop/lguedesc.github.io/_site/assets/img/for_news/phd_defense/me_and_marcelo-1400.webp
       Imagemagick: Adding static file /Users/luaguedescosta/Desktop/lguedesc.github.io/_site/assets/img/for_news/phd_defense/signing-480.webp
       Imagemagick: Adding static file /Users/luaguedescosta/Desktop/lguedesc.github.io/_site/assets/img/for_news/phd_defense/signing-800.webp
       Imagemagick: Adding static file /Users/luaguedescosta/Desktop/lguedesc.github.io/_site/assets/img/for_news/phd_defense/signing-1400.webp
       Imagemagick: Adding static file /Users/luaguedescosta/Desktop/lguedesc.github.io/_site/assets/img/for_news/qualifying_exam-480.webp
       Imagemagick: Adding static file /Users/luaguedescosta/Desktop/lguedesc.github.io/_site/assets/img/for_news/qualifying_exam-800.webp
       Imagemagick: Adding static file /Users/luaguedescosta/Desktop/lguedesc.github.io/_site/assets/img/for_news/qualifying_exam-1400.webp
       Imagemagick: Adding static file /Users/luaguedescosta/Desktop/lguedesc.github.io/_site/assets/img/for_research/energy_harvesting-480.webp
       Imagemagick: Adding static file /Users/luaguedescosta/Desktop/lguedesc.github.io/_site/assets/img/for_research/energy_harvesting-800.webp
       Imagemagick: Adding static file /Users/luaguedescosta/Desktop/lguedesc.github.io/_site/assets/img/for_research/energy_harvesting-1400.webp
       Imagemagick: Adding static file /Users/luaguedescosta/Desktop/lguedesc.github.io/_site/assets/img/for_research/nonlinear_dynamics-480.webp
       Imagemagick: Adding static file /Users/luaguedescosta/Desktop/lguedesc.github.io/_site/assets/img/for_research/nonlinear_dynamics-800.webp
       Imagemagick: Adding static file /Users/luaguedescosta/Desktop/lguedesc.github.io/_site/assets/img/for_research/nonlinear_dynamics-1400.webp
       Imagemagick: Adding static file /Users/luaguedescosta/Desktop/lguedesc.github.io/_site/assets/img/prof_pic-480.webp
       Imagemagick: Adding static file /Users/luaguedescosta/Desktop/lguedesc.github.io/_site/assets/img/prof_pic-800.webp
       Imagemagick: Adding static file /Users/luaguedescosta/Desktop/lguedesc.github.io/_site/assets/img/prof_pic-1400.webp
       Imagemagick: Adding static file /Users/luaguedescosta/Desktop/lguedesc.github.io/_site/assets/img/prof_pic_color-480.webp
       Imagemagick: Adding static file /Users/luaguedescosta/Desktop/lguedesc.github.io/_site/assets/img/prof_pic_color-800.webp
       Imagemagick: Adding static file /Users/luaguedescosta/Desktop/lguedesc.github.io/_site/assets/img/prof_pic_color-1400.webp
       Imagemagick: Adding static file /Users/luaguedescosta/Desktop/lguedesc.github.io/_site/assets/img/publication_preview/CMEH-stability-480.webp
       Imagemagick: Adding static file /Users/luaguedescosta/Desktop/lguedesc.github.io/_site/assets/img/publication_preview/CMEH-stability-800.webp
       Imagemagick: Adding static file /Users/luaguedescosta/Desktop/lguedesc.github.io/_site/assets/img/publication_preview/CMEH-stability-1400.webp
       Imagemagick: Adding static file /Users/luaguedescosta/Desktop/lguedesc.github.io/_site/assets/img/publication_preview/HMEH-dyn-480.webp
       Imagemagick: Adding static file /Users/luaguedescosta/Desktop/lguedesc.github.io/_site/assets/img/publication_preview/HMEH-dyn-800.webp
       Imagemagick: Adding static file /Users/luaguedescosta/Desktop/lguedesc.github.io/_site/assets/img/publication_preview/HMEH-dyn-1400.webp
       Imagemagick: Adding static file /Users/luaguedescosta/Desktop/lguedesc.github.io/_site/assets/img/publication_preview/HMEH-dynamics-480.webp
       Imagemagick: Adding static file /Users/luaguedescosta/Desktop/lguedesc.github.io/_site/assets/img/publication_preview/HMEH-dynamics-800.webp
       Imagemagick: Adding static file /Users/luaguedescosta/Desktop/lguedesc.github.io/_site/assets/img/publication_preview/HMEH-dynamics-1400.webp
       Imagemagick: Adding static file /Users/luaguedescosta/Desktop/lguedesc.github.io/_site/assets/img/publication_preview/MHEH-DRD-480.webp
       Imagemagick: Adding static file /Users/luaguedescosta/Desktop/lguedesc.github.io/_site/assets/img/publication_preview/MHEH-DRD-800.webp
       Imagemagick: Adding static file /Users/luaguedescosta/Desktop/lguedesc.github.io/_site/assets/img/publication_preview/MHEH-DRD-1400.webp
       Imagemagick: Adding static file /Users/luaguedescosta/Desktop/lguedesc.github.io/_site/assets/img/publication_preview/MHEH-480.webp
       Imagemagick: Adding static file /Users/luaguedescosta/Desktop/lguedesc.github.io/_site/assets/img/publication_preview/MHEH-800.webp
       Imagemagick: Adding static file /Users/luaguedescosta/Desktop/lguedesc.github.io/_site/assets/img/publication_preview/MHEH-1400.webp
       Imagemagick: Adding static file /Users/luaguedescosta/Desktop/lguedesc.github.io/_site/assets/img/publication_preview/bistable-480.webp
       Imagemagick: Adding static file /Users/luaguedescosta/Desktop/lguedesc.github.io/_site/assets/img/publication_preview/bistable-800.webp
       Imagemagick: Adding static file /Users/luaguedescosta/Desktop/lguedesc.github.io/_site/assets/img/publication_preview/bistable-1400.webp
       Imagemagick: Adding static file /Users/luaguedescosta/Desktop/lguedesc.github.io/_site/assets/img/publication_preview/brownian-motion-480.webp
       Imagemagick: Adding static file /Users/luaguedescosta/Desktop/lguedesc.github.io/_site/assets/img/publication_preview/brownian-motion-800.webp
       Imagemagick: Adding static file /Users/luaguedescosta/Desktop/lguedesc.github.io/_site/assets/img/publication_preview/brownian-motion-1400.webp
       Imagemagick: Adding static file /Users/luaguedescosta/Desktop/lguedesc.github.io/_site/assets/img/publication_preview/compact-multistable-480.webp
       Imagemagick: Adding static file /Users/luaguedescosta/Desktop/lguedesc.github.io/_site/assets/img/publication_preview/compact-multistable-800.webp
       Imagemagick: Adding static file /Users/luaguedescosta/Desktop/lguedesc.github.io/_site/assets/img/publication_preview/compact-multistable-1400.webp
       Imagemagick: Adding static file /Users/luaguedescosta/Desktop/lguedesc.github.io/_site/assets/img/publication_preview/stability-480.webp
       Imagemagick: Adding static file /Users/luaguedescosta/Desktop/lguedesc.github.io/_site/assets/img/publication_preview/stability-800.webp
       Imagemagick: Adding static file /Users/luaguedescosta/Desktop/lguedesc.github.io/_site/assets/img/publication_preview/stability-1400.webp
       Imagemagick: Adding static file /Users/luaguedescosta/Desktop/lguedesc.github.io/_site/assets/img/publication_preview/wave-mechanics-480.webp
       Imagemagick: Adding static file /Users/luaguedescosta/Desktop/lguedesc.github.io/_site/assets/img/publication_preview/wave-mechanics-800.webp
       Imagemagick: Adding static file /Users/luaguedescosta/Desktop/lguedesc.github.io/_site/assets/img/publication_preview/wave-mechanics-1400.webp
       Imagemagick: Adding static file /Users/luaguedescosta/Desktop/lguedesc.github.io/_site/assets/img/template_error-480.webp
       Imagemagick: Adding static file /Users/luaguedescosta/Desktop/lguedesc.github.io/_site/assets/img/template_error-800.webp
       Imagemagick: Adding static file /Users/luaguedescosta/Desktop/lguedesc.github.io/_site/assets/img/template_error-1400.webp
       Imagemagick: Generated 0 file(s)
       Jekyll Feed: Generating feed for posts
         AutoPages: Disabled/Not configured in site.config.
        Pagination: Disabled in site.config.
           Warning: Empty `slug` generated for ''.
Deprecation Warning [import]: Sass @import rules are deprecated and will be removed in Dart Sass 3.0.0.

More info and automated migrator: https://sass-lang.com/d/import

  ╷
7 │   "variables",
  │   ^^^^^^^^^^^
  ╵
    /Users/luaguedescosta/Desktop/lguedesc.github.io/assets/css/main.scss 7:3  root stylesheet
Deprecation Warning [import]: Sass @import rules are deprecated and will be removed in Dart Sass 3.0.0.

More info and automated migrator: https://sass-lang.com/d/import

  ╷
8 │   "themes",
  │   ^^^^^^^^
  ╵
    /Users/luaguedescosta/Desktop/lguedesc.github.io/assets/css/main.scss 8:3  root stylesheet
Deprecation Warning [import]: Sass @import rules are deprecated and will be removed in Dart Sass 3.0.0.

More info and automated migrator: https://sass-lang.com/d/import

  ╷
9 │   "layout",
  │   ^^^^^^^^
  ╵
    /Users/luaguedescosta/Desktop/lguedesc.github.io/assets/css/main.scss 9:3  root stylesheet
Deprecation Warning [import]: Sass @import rules are deprecated and will be removed in Dart Sass 3.0.0.

More info and automated migrator: https://sass-lang.com/d/import

   ╷
10 │   "base",
   │   ^^^^^^
   ╵
    /Users/luaguedescosta/Desktop/lguedesc.github.io/assets/css/main.scss 10:3  root stylesheet
Deprecation Warning [import]: Sass @import rules are deprecated and will be removed in Dart Sass 3.0.0.

More info and automated migrator: https://sass-lang.com/d/import

   ╷
11 │   "distill",
   │   ^^^^^^^^^
   ╵
    /Users/luaguedescosta/Desktop/lguedesc.github.io/assets/css/main.scss 11:3  root stylesheet
Deprecation Warning [global-builtin]: Global built-in functions are deprecated and will be removed in Dart Sass 3.0.0.
Use string.unquote instead.

More info and automated migrator: https://sass-lang.com/d/import

  ╷
9 │     #{$fa-icon-property}: unquote("\"#{ $icon }\"");
  │                           ^^^^^^^^^^^^^^^^^^^^^^^^^
  ╵
    /Users/luaguedescosta/Desktop/lguedesc.github.io/_sass/font-awesome/_icons.scss 9:27  @import
    font-awesome/fontawesome.scss 20:9                                                    @import
    /Users/luaguedescosta/Desktop/lguedesc.github.io/assets/css/main.scss 15:3            root stylesheet
Deprecation Warning [global-builtin]: Global built-in functions are deprecated and will be removed in Dart Sass 3.0.0.
Use string.unquote instead.

More info and automated migrator: https://sass-lang.com/d/import

   ╷
10 │     #{$fa-duotone-icon-property}: unquote("\"#{$icon}#{$icon}\"");
   │                                   ^^^^^^^^^^^^^^^^^^^^^^^^^^^^^^^
   ╵
    /Users/luaguedescosta/Desktop/lguedesc.github.io/_sass/font-awesome/_icons.scss 10:35  @import
    font-awesome/fontawesome.scss 20:9                                                     @import
    /Users/luaguedescosta/Desktop/lguedesc.github.io/assets/css/main.scss 15:3             root stylesheet
Deprecation Warning [global-builtin]: Global built-in functions are deprecated and will be removed in Dart Sass 3.0.0.
Use string.unquote instead.

More info and automated migrator: https://sass-lang.com/d/import

   ╷
29 │   .#{$fa-css-prefix}-#{$name} { #{$fa-icon-property}: unquote("\"#{ $icon }\""); }
   │                                                       ^^^^^^^^^^^^^^^^^^^^^^^^^
   ╵
    font-awesome/brands.scss 29:55                                              @import
    /Users/luaguedescosta/Desktop/lguedesc.github.io/assets/css/main.scss 16:3  root stylesheet
Deprecation Warning [global-builtin]: Global built-in functions are deprecated and will be removed in Dart Sass 3.0.0.
Use string.unquote instead.

More info and automated migrator: https://sass-lang.com/d/import

   ╷
36 │   @return unquote("\"")+unquote(str-insert($str, "\\", 1))+unquote("\"")
   │           ^^^^^^^^^^^^^
   ╵
    tabler-icons/tabler-icons.scss 36:11                                        unicode()
    tabler-icons/tabler-icons.scss 40:15                                        @import
    /Users/luaguedescosta/Desktop/lguedesc.github.io/assets/css/main.scss 19:3  root stylesheet
Deprecation Warning [global-builtin]: Global built-in functions are deprecated and will be removed in Dart Sass 3.0.0.
Use string.insert instead.

More info and automated migrator: https://sass-lang.com/d/import

   ╷
36 │   @return unquote("\"")+unquote(str-insert($str, "\\", 1))+unquote("\"")
   │                                 ^^^^^^^^^^^^^^^^^^^^^^^^^
   ╵
    tabler-icons/tabler-icons.scss 36:33                                        unicode()
    tabler-icons/tabler-icons.scss 40:15                                        @import
    /Users/luaguedescosta/Desktop/lguedesc.github.io/assets/css/main.scss 19:3  root stylesheet
Warning: 39 repetitive deprecation warnings omitted.
Run in verbose mode to see all warnings.
           Warning: Empty `slug` generated for ''.
           Warning: Empty `slug` generated for ''.
           Warning: Empty `slug` generated for ''.
           Warning: Empty `slug` generated for ''.
           Warning: Empty `slug` generated for ''.
           Warning: Empty `slug` generated for ''.
           Warning: Empty `slug` generated for ''.
           Warning: Empty `slug` generated for ''.
           Warning: Empty `slug` generated for ''.
           Warning: Empty `slug` generated for ''.
           Warning: Empty `slug` generated for ''.
           Warning: Empty `slug` generated for ''.
  Conversion error: JekyllJupyterNotebook::Converter encountered an error while converting 'assets/jupyter/blog.ipynb':
                    No such file or directory - jupyter
bundler: failed to load command: jekyll (/Users/luaguedescosta/.gem/ruby/3.1.3/bin/jekyll)
/Users/luaguedescosta/.gem/ruby/3.1.3/gems/jekyll-jupyter-notebook-0.0.6/lib/jekyll-jupyter-notebook/converter.rb:58:in `spawn': No such file or directory - jupyter (Errno::ENOENT)
        from /Users/luaguedescosta/.gem/ruby/3.1.3/gems/jekyll-jupyter-notebook-0.0.6/lib/jekyll-jupyter-notebook/converter.rb:58:in `block in convert_notebook'
        from /Users/luaguedescosta/.gem/ruby/3.1.3/gems/jekyll-jupyter-notebook-0.0.6/lib/jekyll-jupyter-notebook/converter.rb:49:in `pipe'
        from /Users/luaguedescosta/.gem/ruby/3.1.3/gems/jekyll-jupyter-notebook-0.0.6/lib/jekyll-jupyter-notebook/converter.rb:49:in `convert_notebook'
        from /Users/luaguedescosta/.gem/ruby/3.1.3/gems/jekyll-jupyter-notebook-0.0.6/lib/jekyll-jupyter-notebook/converter.rb:28:in `convert'
        from /Users/luaguedescosta/.gem/ruby/3.1.3/gems/jekyll-4.3.4/lib/jekyll/renderer.rb:105:in `block in convert'
        from /Users/luaguedescosta/.gem/ruby/3.1.3/gems/jekyll-4.3.4/lib/jekyll/renderer.rb:104:in `each'
        from /Users/luaguedescosta/.gem/ruby/3.1.3/gems/jekyll-4.3.4/lib/jekyll/renderer.rb:104:in `reduce'
        from /Users/luaguedescosta/.gem/ruby/3.1.3/gems/jekyll-4.3.4/lib/jekyll/renderer.rb:104:in `convert'
        from /Users/luaguedescosta/.gem/ruby/3.1.3/gems/jekyll-4.3.4/lib/jekyll/renderer.rb:84:in `render_document'
        from /Users/luaguedescosta/.gem/ruby/3.1.3/gems/jekyll-4.3.4/lib/jekyll/renderer.rb:63:in `run'
        from /Users/luaguedescosta/.gem/ruby/3.1.3/gems/jekyll-4.3.4/lib/jekyll/site.rb:572:in `render_regenerated'
        from /Users/luaguedescosta/.gem/ruby/3.1.3/gems/jekyll-4.3.4/lib/jekyll/site.rb:564:in `block in render_pages'
        from /Users/luaguedescosta/.gem/ruby/3.1.3/gems/jekyll-4.3.4/lib/jekyll/site.rb:563:in `each'
        from /Users/luaguedescosta/.gem/ruby/3.1.3/gems/jekyll-4.3.4/lib/jekyll/site.rb:563:in `render_pages'
        from /Users/luaguedescosta/.gem/ruby/3.1.3/gems/jekyll-4.3.4/lib/jekyll/site.rb:211:in `render'
        from /Users/luaguedescosta/.gem/ruby/3.1.3/gems/jekyll-4.3.4/lib/jekyll/site.rb:80:in `process'
        from /Users/luaguedescosta/.gem/ruby/3.1.3/gems/jekyll-4.3.4/lib/jekyll/command.rb:28:in `process_site'
        from /Users/luaguedescosta/.gem/ruby/3.1.3/gems/jekyll-4.3.4/lib/jekyll/commands/build.rb:65:in `build'
        from /Users/luaguedescosta/.gem/ruby/3.1.3/gems/jekyll-4.3.4/lib/jekyll/commands/build.rb:36:in `process'
        from /Users/luaguedescosta/.gem/ruby/3.1.3/gems/jekyll-4.3.4/lib/jekyll/command.rb:91:in `block in process_with_graceful_fail'
        from /Users/luaguedescosta/.gem/ruby/3.1.3/gems/jekyll-4.3.4/lib/jekyll/command.rb:91:in `each'
        from /Users/luaguedescosta/.gem/ruby/3.1.3/gems/jekyll-4.3.4/lib/jekyll/command.rb:91:in `process_with_graceful_fail'
        from /Users/luaguedescosta/.gem/ruby/3.1.3/gems/jekyll-4.3.4/lib/jekyll/commands/serve.rb:86:in `block (2 levels) in init_with_program'
        from /Users/luaguedescosta/.gem/ruby/3.1.3/gems/mercenary-0.4.0/lib/mercenary/command.rb:221:in `block in execute'
        from /Users/luaguedescosta/.gem/ruby/3.1.3/gems/mercenary-0.4.0/lib/mercenary/command.rb:221:in `each'
        from /Users/luaguedescosta/.gem/ruby/3.1.3/gems/mercenary-0.4.0/lib/mercenary/command.rb:221:in `execute'
        from /Users/luaguedescosta/.gem/ruby/3.1.3/gems/mercenary-0.4.0/lib/mercenary/program.rb:44:in `go'
        from /Users/luaguedescosta/.gem/ruby/3.1.3/gems/mercenary-0.4.0/lib/mercenary.rb:21:in `program'
        from /Users/luaguedescosta/.gem/ruby/3.1.3/gems/jekyll-4.3.4/exe/jekyll:15:in `<top (required)>'
        from /Users/luaguedescosta/.gem/ruby/3.1.3/bin/jekyll:25:in `load'
        from /Users/luaguedescosta/.gem/ruby/3.1.3/bin/jekyll:25:in `<top (required)>'
        from /Users/luaguedescosta/.gem/ruby/3.1.3/gems/bundler-2.6.2/lib/bundler/cli/exec.rb:59:in `load'
        from /Users/luaguedescosta/.gem/ruby/3.1.3/gems/bundler-2.6.2/lib/bundler/cli/exec.rb:59:in `kernel_load'
        from /Users/luaguedescosta/.gem/ruby/3.1.3/gems/bundler-2.6.2/lib/bundler/cli/exec.rb:23:in `run'
        from /Users/luaguedescosta/.gem/ruby/3.1.3/gems/bundler-2.6.2/lib/bundler/cli.rb:452:in `exec'
        from /Users/luaguedescosta/.gem/ruby/3.1.3/gems/bundler-2.6.2/lib/bundler/vendor/thor/lib/thor/command.rb:28:in `run'
        from /Users/luaguedescosta/.gem/ruby/3.1.3/gems/bundler-2.6.2/lib/bundler/vendor/thor/lib/thor/invocation.rb:127:in `invoke_command'
        from /Users/luaguedescosta/.gem/ruby/3.1.3/gems/bundler-2.6.2/lib/bundler/vendor/thor/lib/thor.rb:538:in `dispatch'
        from /Users/luaguedescosta/.gem/ruby/3.1.3/gems/bundler-2.6.2/lib/bundler/cli.rb:35:in `dispatch'
        from /Users/luaguedescosta/.gem/ruby/3.1.3/gems/bundler-2.6.2/lib/bundler/vendor/thor/lib/thor/base.rb:584:in `start'
        from /Users/luaguedescosta/.gem/ruby/3.1.3/gems/bundler-2.6.2/lib/bundler/cli.rb:29:in `start'
        from /Users/luaguedescosta/.gem/ruby/3.1.3/gems/bundler-2.6.2/exe/bundle:28:in `block in <top (required)>'
        from /Users/luaguedescosta/.gem/ruby/3.1.3/gems/bundler-2.6.2/lib/bundler/friendly_errors.rb:117:in `with_friendly_errors'
        from /Users/luaguedescosta/.gem/ruby/3.1.3/gems/bundler-2.6.2/exe/bundle:20:in `<top (required)>'
        from /Users/luaguedescosta/.gem/ruby/3.1.3/bin/bundle:25:in `load'
        from /Users/luaguedescosta/.gem/ruby/3.1.3/bin/bundle:25:in `<main>'